// Jest Snapshot v1, https://goo.gl/fbAQLP

exports[`Тестирование страницы: План развития сотрудников Проверка на  рендер приложения 1`] = `
Object {
  "asFragment": [Function],
  "baseElement": <body>
    <div>
      <div
        style="display: flex; justify-content: space-between; align-items: center; margin-bottom: 30px;"
      >
        <h2
          class="MuiTypography-root MuiTypography-h2 css-1sra7t5-MuiTypography-root"
        >
          План развития сотрудников
        </h2>
        <div
          class="MuiGrid-root MuiGrid-container MuiGrid-spacing-xs-2 css-bzaln3-MuiGrid-root"
          id="pdf-no-content"
        >
          <div
            class="MuiGrid-root MuiGrid-item css-13i4rnv-MuiGrid-root"
          >
            <button
              class="MuiButton-root MuiButton-contained MuiButton-containedPrimary MuiButton-sizeMedium MuiButton-containedSizeMedium MuiButtonBase-root  css-1c6ae22-MuiButtonBase-root-MuiButton-root"
              tabindex="0"
              type="button"
            >
              <div>
                Экспортировать
              </div>
              <span
                class="MuiButton-endIcon MuiButton-iconSizeMedium css-9tj150-MuiButton-endIcon"
              >
                <svg
                  aria-hidden="true"
                  class="MuiSvgIcon-root MuiSvgIcon-fontSizeMedium css-i4bv87-MuiSvgIcon-root"
                  data-testid="FileDownloadIcon"
                  focusable="false"
                  viewBox="0 0 24 24"
                >
                  <path
                    d="M19 9h-4V3H9v6H5l7 7 7-7zM5 18v2h14v-2H5z"
                  />
                </svg>
              </span>
              <span
                class="MuiTouchRipple-root css-8je8zh-MuiTouchRipple-root"
              />
            </button>
          </div>
          <div
            class="MuiGrid-root MuiGrid-item MuiGrid-grid-xs-4 css-gj1fbr-MuiGrid-root"
          >
            <div
              class="MuiFormControl-root MuiTextField-root css-s68wzj-MuiFormControl-root-MuiTextField-root"
            >
              <div
                class="MuiOutlinedInput-root MuiInputBase-root MuiInputBase-colorPrimary MuiInputBase-formControl MuiInputBase-adornedStart css-1q6at85-MuiInputBase-root-MuiOutlinedInput-root"
              >
                <svg
                  aria-hidden="true"
                  class="MuiSvgIcon-root MuiSvgIcon-colorPrimary MuiSvgIcon-fontSizeMedium css-ci5apu-MuiSvgIcon-root"
                  data-testid="SearchIcon"
                  focusable="false"
                  style="height: 36px;"
                  viewBox="0 0 24 24"
                >
                  <path
                    d="M15.5 14h-.79l-.28-.27C15.41 12.59 16 11.11 16 9.5 16 5.91 13.09 3 9.5 3S3 5.91 3 9.5 5.91 16 9.5 16c1.61 0 3.09-.59 4.23-1.57l.27.28v.79l5 4.99L20.49 19l-4.99-5zm-6 0C7.01 14 5 11.99 5 9.5S7.01 5 9.5 5 14 7.01 14 9.5 11.99 14 9.5 14z"
                  />
                </svg>
                <input
                  aria-invalid="false"
                  class="MuiOutlinedInput-input MuiInputBase-input MuiInputBase-inputAdornedStart css-1o9s3wi-MuiInputBase-input-MuiOutlinedInput-input"
                  id="mui-1"
                  type="text"
                  value=""
                />
                <fieldset
                  aria-hidden="true"
                  class="MuiOutlinedInput-notchedOutline css-1d3z3hw-MuiOutlinedInput-notchedOutline"
                >
                  <legend
                    class="css-hdw1oc"
                  >
                    <span
                      class="notranslate"
                    >
                      ​
                    </span>
                  </legend>
                </fieldset>
              </div>
            </div>
          </div>
          <div
            class="MuiGrid-root MuiGrid-item css-13i4rnv-MuiGrid-root"
          >
            <div
              class="MuiOutlinedInput-root MuiInputBase-root MuiInputBase-colorPrimary css-d1e216-MuiInputBase-root-MuiOutlinedInput-root-MuiSelect-root"
            >
              <div
                aria-expanded="false"
                aria-haspopup="listbox"
                class="MuiSelect-select MuiSelect-outlined MuiOutlinedInput-input MuiInputBase-input css-11u53oe-MuiSelect-select-MuiInputBase-input-MuiOutlinedInput-input"
                role="button"
                tabindex="0"
              >
                Апрель
              </div>
              <input
                aria-hidden="true"
                class="MuiSelect-nativeInput css-yf8vq0-MuiSelect-nativeInput"
                tabindex="-1"
                value="Апрель"
              />
              <svg
                aria-hidden="true"
                class="MuiSvgIcon-root MuiSvgIcon-fontSizeMedium MuiSelect-icon MuiSelect-iconOutlined css-hfutr2-MuiSvgIcon-root-MuiSelect-icon"
                data-testid="ArrowDropDownIcon"
                focusable="false"
                viewBox="0 0 24 24"
              >
                <path
                  d="M7 10l5 5 5-5z"
                />
              </svg>
              <fieldset
                aria-hidden="true"
                class="MuiOutlinedInput-notchedOutline css-1d3z3hw-MuiOutlinedInput-notchedOutline"
              >
                <legend
                  class="css-hdw1oc"
                >
                  <span
                    class="notranslate"
                  >
                    ​
                  </span>
                </legend>
              </fieldset>
            </div>
          </div>
        </div>
      </div>
    </div>
  </body>,
  "container": <div>
    <div
      style="display: flex; justify-content: space-between; align-items: center; margin-bottom: 30px;"
    >
      <h2
        class="MuiTypography-root MuiTypography-h2 css-1sra7t5-MuiTypography-root"
      >
        План развития сотрудников
      </h2>
      <div
        class="MuiGrid-root MuiGrid-container MuiGrid-spacing-xs-2 css-bzaln3-MuiGrid-root"
        id="pdf-no-content"
      >
        <div
          class="MuiGrid-root MuiGrid-item css-13i4rnv-MuiGrid-root"
        >
          <button
            class="MuiButton-root MuiButton-contained MuiButton-containedPrimary MuiButton-sizeMedium MuiButton-containedSizeMedium MuiButtonBase-root  css-1c6ae22-MuiButtonBase-root-MuiButton-root"
            tabindex="0"
            type="button"
          >
            <div>
              Экспортировать
            </div>
            <span
              class="MuiButton-endIcon MuiButton-iconSizeMedium css-9tj150-MuiButton-endIcon"
            >
              <svg
                aria-hidden="true"
                class="MuiSvgIcon-root MuiSvgIcon-fontSizeMedium css-i4bv87-MuiSvgIcon-root"
                data-testid="FileDownloadIcon"
                focusable="false"
                viewBox="0 0 24 24"
              >
                <path
                  d="M19 9h-4V3H9v6H5l7 7 7-7zM5 18v2h14v-2H5z"
                />
              </svg>
            </span>
            <span
              class="MuiTouchRipple-root css-8je8zh-MuiTouchRipple-root"
            />
          </button>
        </div>
        <div
          class="MuiGrid-root MuiGrid-item MuiGrid-grid-xs-4 css-gj1fbr-MuiGrid-root"
        >
          <div
            class="MuiFormControl-root MuiTextField-root css-s68wzj-MuiFormControl-root-MuiTextField-root"
          >
            <div
              class="MuiOutlinedInput-root MuiInputBase-root MuiInputBase-colorPrimary MuiInputBase-formControl MuiInputBase-adornedStart css-1q6at85-MuiInputBase-root-MuiOutlinedInput-root"
            >
              <svg
                aria-hidden="true"
                class="MuiSvgIcon-root MuiSvgIcon-colorPrimary MuiSvgIcon-fontSizeMedium css-ci5apu-MuiSvgIcon-root"
                data-testid="SearchIcon"
                focusable="false"
                style="height: 36px;"
                viewBox="0 0 24 24"
              >
                <path
                  d="M15.5 14h-.79l-.28-.27C15.41 12.59 16 11.11 16 9.5 16 5.91 13.09 3 9.5 3S3 5.91 3 9.5 5.91 16 9.5 16c1.61 0 3.09-.59 4.23-1.57l.27.28v.79l5 4.99L20.49 19l-4.99-5zm-6 0C7.01 14 5 11.99 5 9.5S7.01 5 9.5 5 14 7.01 14 9.5 11.99 14 9.5 14z"
                />
              </svg>
              <input
                aria-invalid="false"
                class="MuiOutlinedInput-input MuiInputBase-input MuiInputBase-inputAdornedStart css-1o9s3wi-MuiInputBase-input-MuiOutlinedInput-input"
                id="mui-1"
                type="text"
                value=""
              />
              <fieldset
                aria-hidden="true"
                class="MuiOutlinedInput-notchedOutline css-1d3z3hw-MuiOutlinedInput-notchedOutline"
              >
                <legend
                  class="css-hdw1oc"
                >
                  <span
                    class="notranslate"
                  >
                    ​
                  </span>
                </legend>
              </fieldset>
            </div>
          </div>
        </div>
        <div
          class="MuiGrid-root MuiGrid-item css-13i4rnv-MuiGrid-root"
        >
          <div
            class="MuiOutlinedInput-root MuiInputBase-root MuiInputBase-colorPrimary css-d1e216-MuiInputBase-root-MuiOutlinedInput-root-MuiSelect-root"
          >
            <div
              aria-expanded="false"
              aria-haspopup="listbox"
              class="MuiSelect-select MuiSelect-outlined MuiOutlinedInput-input MuiInputBase-input css-11u53oe-MuiSelect-select-MuiInputBase-input-MuiOutlinedInput-input"
              role="button"
              tabindex="0"
            >
              Апрель
            </div>
            <input
              aria-hidden="true"
              class="MuiSelect-nativeInput css-yf8vq0-MuiSelect-nativeInput"
              tabindex="-1"
              value="Апрель"
            />
            <svg
              aria-hidden="true"
              class="MuiSvgIcon-root MuiSvgIcon-fontSizeMedium MuiSelect-icon MuiSelect-iconOutlined css-hfutr2-MuiSvgIcon-root-MuiSelect-icon"
              data-testid="ArrowDropDownIcon"
              focusable="false"
              viewBox="0 0 24 24"
            >
              <path
                d="M7 10l5 5 5-5z"
              />
            </svg>
            <fieldset
              aria-hidden="true"
              class="MuiOutlinedInput-notchedOutline css-1d3z3hw-MuiOutlinedInput-notchedOutline"
            >
              <legend
                class="css-hdw1oc"
              >
                <span
                  class="notranslate"
                >
                  ​
                </span>
              </legend>
            </fieldset>
          </div>
        </div>
      </div>
    </div>
  </div>,
  "debug": [Function],
  "findAllByAltText": [Function],
  "findAllByDisplayValue": [Function],
  "findAllByLabelText": [Function],
  "findAllByPlaceholderText": [Function],
  "findAllByRole": [Function],
  "findAllByTestId": [Function],
  "findAllByText": [Function],
  "findAllByTitle": [Function],
  "findByAltText": [Function],
  "findByDisplayValue": [Function],
  "findByLabelText": [Function],
  "findByPlaceholderText": [Function],
  "findByRole": [Function],
  "findByTestId": [Function],
  "findByText": [Function],
  "findByTitle": [Function],
  "getAllByAltText": [Function],
  "getAllByDisplayValue": [Function],
  "getAllByLabelText": [Function],
  "getAllByPlaceholderText": [Function],
  "getAllByRole": [Function],
  "getAllByTestId": [Function],
  "getAllByText": [Function],
  "getAllByTitle": [Function],
  "getByAltText": [Function],
  "getByDisplayValue": [Function],
  "getByLabelText": [Function],
  "getByPlaceholderText": [Function],
  "getByRole": [Function],
  "getByTestId": [Function],
  "getByText": [Function],
  "getByTitle": [Function],
  "queryAllByAltText": [Function],
  "queryAllByDisplayValue": [Function],
  "queryAllByLabelText": [Function],
  "queryAllByPlaceholderText": [Function],
  "queryAllByRole": [Function],
  "queryAllByTestId": [Function],
  "queryAllByText": [Function],
  "queryAllByTitle": [Function],
  "queryByAltText": [Function],
  "queryByDisplayValue": [Function],
  "queryByLabelText": [Function],
  "queryByPlaceholderText": [Function],
  "queryByRole": [Function],
  "queryByTestId": [Function],
  "queryByText": [Function],
  "queryByTitle": [Function],
  "rerender": [Function],
  "unmount": [Function],
}
`;
